64251370
6425137
6425137
44975959
64251370
44975959
25700548
44975959
44975959
64251370
6425137
12850274
51401096
